   Compiling proc-macro2 v1.0.107
   Compiling quote v1.0.47
   Compiling unicode-ident v1.0.24
   Compiling libc v0.2.189
   Compiling syn v2.0.119
   Compiling syn v3.0.3
   Compiling autocfg v1.5.1
   Compiling cfg-if v1.0.4
   Compiling memchr v2.8.3
   Compiling serde_core v1.0.229
   Compiling serde_derive v1.0.229
   Compiling libm v0.2.16
   Compiling zerocopy v0.8.56
   Compiling zerocopy-derive v0.8.56
   Compiling serde v1.0.229
   Compiling num-traits v0.2.19
   Compiling ucd-trie v0.1.7
   Compiling pest v2.9.0
   Compiling aho-corasick v1.1.5
   Compiling time-core v0.1.9
   Compiling num-conv v0.2.2
   Compiling regex-syntax v0.8.11
   Compiling time-macros v0.2.32
   Compiling regex-automata v0.4.18
   Compiling pest_meta v2.9.0
   Compiling version_check v0.9.5
   Compiling unicode-segmentation v1.13.3
   Compiling pest_generator v2.9.0
   Compiling regex v1.13.1
   Compiling either v1.18.0
   Compiling log v0.4.33
   Compiling pest_derive v2.9.0
   Compiling liquid-derive v0.26.10
   Compiling parking_lot_core v0.9.12
   Compiling smallvec v1.15.2
   Compiling anyhow v1.0.104
   Compiling scopeguard v1.2.0
   Compiling lock_api v0.4.14
   Compiling static_assertions v1.1.0
   Compiling deranged v0.5.8
   Compiling powerfmt v0.2.0
   Compiling kstring v2.0.4
   Compiling parking_lot v0.12.5
   Compiling time v0.3.55
   Compiling itertools v0.14.0
   Compiling ahash v0.8.12
   Compiling num-integer v0.1.47
   Compiling syn v1.0.109
   Compiling anymap2 v0.13.0
   Compiling liquid-core v0.26.11
   Compiling matrixmultiply v0.3.11
   Compiling rustix v1.1.4
   Compiling percent-encoding v2.3.2
   Compiling tinyvec_macros v0.1.1
   Compiling once_cell v1.21.4
   Compiling tinyvec v1.12.0
   Compiling liquid-lib v0.26.11
   Compiling num-complex v0.4.6
   Compiling same-file v1.0.6
   Compiling shlex v2.0.1
   Compiling find-msvc-tools v0.1.11
   Compiling linux-raw-sys v0.12.1
   Compiling bitflags v2.13.1
   Compiling rawpointer v0.2.1
   Compiling half v2.7.1
   Compiling cc v1.4.4
   Compiling walkdir v2.5.0
   Compiling liquid v0.26.11
   Compiling unicode-normalization v0.1.25
   Compiling hashbrown v0.14.5
   Compiling ppv-lite86 v0.2.21
   Compiling nom v8.0.0
   Compiling dyn-clone v1.0.20
   Compiling tract-linalg v0.22.3
   Compiling string-interner v0.15.0
   Compiling ndarray v0.16.1
   Compiling nom-language v0.1.0
   Compiling itertools v0.12.1
   Compiling scan_fmt v0.2.6
   Compiling errno v0.3.14
   Compiling lazy_static v1.5.0
   Compiling maplit v1.0.2
   Compiling downcast-rs v1.2.1
   Compiling strength_reduce v0.2.4
   Compiling dyn-hash v0.2.2
   Compiling zmij v1.0.23
   Compiling tract-data v0.22.3
   Compiling transpose v0.2.3
   Compiling signal-hook-registry v1.4.8
   Compiling derive-new v0.5.9
   Compiling primal-check v0.3.4
   Compiling getrandom v0.2.17
   Compiling bit-vec v0.6.3
   Compiling pastey v0.1.1
   Compiling signal-hook v0.3.18
   Compiling fnv v1.0.7
   Compiling getrandom v0.3.4
   Compiling crossbeam-utils v0.8.22
   Compiling serde_json v1.0.151
   Compiling crc32fast v1.5.0
   Compiling itoa v1.0.18
   Compiling strsim v0.11.1
   Compiling byteorder v1.5.0
   Compiling ident_case v1.0.1
   Compiling darling_core v0.20.11
   Compiling bit-set v0.5.3
   Compiling rand_core v0.6.4
   Compiling rustfft v6.4.1
   Compiling mio v1.2.2
   Compiling convert_case v0.10.0
   Compiling simd-adler32 v0.3.10
   Compiling adler2 v2.0.1
   Compiling crossbeam-epoch v0.9.20
   Compiling utf8parse v0.2.2
   Compiling anymap3 v1.1.0
   Compiling anstyle-parse v1.0.0
   Compiling tract-core v0.22.3
   Compiling miniz_oxide v0.8.9
   Compiling derive_more-impl v2.1.1
   Compiling rand_chacha v0.3.1
   Compiling darling_macro v0.20.11
   Compiling xattr v1.6.1
   Compiling filetime v0.2.29
   Compiling crossbeam-deque v0.8.7
   Compiling is_terminal_polyfill v1.70.2
   Compiling arrayvec v0.7.8
   Compiling minimal-lexical v0.2.1
   Compiling litrs v1.0.0
   Compiling colorchoice v1.0.5
   Compiling anstyle-query v1.1.5
   Compiling anstyle v1.0.14
   Compiling unicode-width v0.2.0
   Compiling anstream v1.0.0
   Compiling document-features v0.2.12
   Compiling nom v7.1.3
   Compiling vte v0.14.1
   Compiling tar v0.4.46
   Compiling darling v0.20.11
   Compiling flate2 v1.1.9
   Compiling rand_core v0.9.5
   Compiling signal-hook-mio v0.2.5
   Compiling rand v0.8.7
   Compiling safetensors v0.6.2
   Compiling derive_more v2.1.1
   Compiling itertools v0.10.5
   Compiling proc-macro2-diagnostics v0.10.1
   Compiling structmeta-derive v0.3.0
   Compiling equivalent v1.0.2
   Compiling portable-atomic v1.15.0
   Compiling thiserror v2.0.20
   Compiling rayon-core v1.13.0
   Compiling bytes v1.12.1
   Compiling structmeta v0.3.0
   Compiling prost-derive v0.11.9
   Compiling tract-nnef v0.22.3
   Compiling crossterm v0.29.0
   Compiling rand_distr v0.4.3
   Compiling rand_chacha v0.9.0
   Compiling serde_with_macros v3.11.0
   Compiling ansitok v0.3.0
   Compiling console v0.16.4
   Compiling thread_local v1.1.10
   Compiling fs-err v3.3.1
   Compiling thiserror-impl v2.0.20
   Compiling heck v0.5.0
   Compiling hashbrown v0.17.1
   Compiling iana-time-zone v0.1.65
   Compiling jiff-core v0.1.0
   Compiling winnow v1.0.4
   Compiling clap_lex v1.1.0
   Compiling clap_builder v4.6.6
   Compiling toml_parser v1.1.3+spec-1.1.0
   Compiling jiff v0.2.35
   Compiling chrono v0.4.45
   Compiling indexmap v2.14.0
   Compiling clap_derive v4.6.4
   Compiling fuzzy-matcher v0.3.7
   Compiling ansi-str v0.9.0
   Compiling serde_with v3.11.0
   Compiling rand v0.9.5
   Compiling tract-onnx-opl v0.22.3
   Compiling prost v0.11.9
   Compiling parse-display-derive v0.11.0
   Compiling tract-hir v0.22.3
   Compiling env_filter v2.0.0
   Compiling serde_spanned v1.1.1
   Compiling toml_datetime v0.7.5+spec-1.1.0
   Compiling csv-core v0.1.13
   Compiling enum-iterator-derive v1.5.0
   Compiling tokio-macros v2.7.2
   Compiling socket2 v0.6.5
   Compiling memmap2 v0.9.11
   Compiling pin-project-lite v0.2.17
   Compiling toml_writer v1.1.2+spec-1.1.0
   Compiling nu-ansi-term v0.50.3
   Compiling winnow v0.7.15
   Compiling allocator-api2 v0.2.21
   Compiling unit-prefix v0.5.2
   Compiling ryu v1.0.23
   Compiling foldhash v0.2.0
   Compiling csv v1.4.0
   Compiling hashbrown v0.16.1
   Compiling indicatif v0.18.6
   Compiling toml v0.9.12+spec-1.1.0
   Compiling flexi_logger v0.31.10
   Compiling tokio v1.53.1
   Compiling tract-onnx v0.22.3
   Compiling enum-iterator v2.3.0
   Compiling env_logger v0.11.11
   Compiling parse-display v0.11.0
   Compiling int-enum v1.2.0
   Compiling rand_distr v0.5.1
   Compiling rayon v1.12.0
   Compiling comfy-table v7.2.2
   Compiling inquire v0.9.4
   Compiling clap v4.6.6
   Compiling bincode v1.3.3
   Compiling colored v3.1.1
   Compiling lexopt v0.3.2
   Compiling text-to-ascii-art v0.1.10
   Compiling umasim v0.14.0 (<ROOT>/old/crates/umasim)
warning: method `leaf_nn` is never used
   --> crates/umasim/src/search/flat_search.rs:400:8
    |
295 | / impl<G: FlatSearchGame> FlatSearch<G>
296 | | where
297 | |     G::Action: Send + Sync + Clone
    | |__________________________________- method in this implementation
...
400 |       fn leaf_nn(&self) -> Option<&ThreadLocalNeuralNetLeafEvaluator> {
    |          ^^^^^^^
    |
    = note: `#[warn(dead_code)]` (part of `#[warn(unused)]`) on by default

warning: method `simulate_until_terminal_or_leaf` is never used
   --> crates/umasim/src/search/flat_search.rs:952:8
    |
841 | impl FlatSearch<OnsenGame> {
    | -------------------------- method in this implementation
...
952 |     fn simulate_until_terminal_or_leaf(&self, game: &OnsenGame, action: &OnsenAction, seed: u64) -> Result<SimOutcome> {
    |        ^^^^^^^^^^^^^^^^^^^^^^^^^^^^^^^

warning: enum `SimOutcome` is never used
    --> crates/umasim/src/search/flat_search.rs:1125:6
     |
1125 | enum SimOutcome {
     |      ^^^^^^^^^^

warning: `umasim` (lib) generated 3 warnings
    Finished `release` profile [optimized] target(s) in 6m 00s
TIMED exit=0 wall_s=360 max_child_rss_gb=1.28 peak_sys_used_gb=1.81
